1,2,3,4,5,6,7,8,9,10,11,12
ab
2
4,7
1,a,3
1,b,1
2,a,9
2,b,4
3,b,1
4,a,9
4,b,4
5,a,8
5,b,5
6,a,5
6,b,4
7,a,6
7,b,9
8,a,11
9,a,7
9,b,9
10,a,12
10,b,3
11,a,8
11,b,1
12,b,10
