1,2,3,4,5,6,7,8,9,10,11
ab
1
1,4,7,8,9
1,a,3
1,b,2
2,a,6
2,b,4
3,a,3
3,b,5
4,a,4
4,b,2
5,a,10
5,b,8
6,a,6
6,b,7
7,a,7
7,b,5
8,a,8
8,b,2
9,a,11
9,b,2
10,a,10
10,b,9
11,a,11
11,b,5
