0,1,2,3
abc
0
1
0,a,1
0,b,2
0,c,3
1,a,3
1,b,3
1,c,3
2,a,2
2,b,3
2,c,1
3,a,3
3,b,3
3,c,3
