0,1,2,3,4,5,6
abcdefghij
0
5,6
0,a,1
0,b,1
0,c,1
0,d,1
0,e,2
0,f,3
0,g,4
0,h,1
0,i,1
0,j,1
1,a,1
1,b,1
1,c,1
1,d,1
1,e,1
1,f,1
1,g,1
1,h,1
1,i,1
1,j,1
2,a,1
2,b,5
2,c,1
2,d,1
2,e,1
2,f,1
2,g,1
2,h,1
2,i,1
2,j,1
3,a,1
3,b,1
3,c,6
3,d,1
3,e,1
3,f,1
3,g,1
3,h,1
3,i,1
3,j,1
4,a,1
4,b,1
4,c,1
4,d,6
4,e,1
4,f,1
4,g,1
4,h,1
4,i,1
4,j,1
5,a,1
5,b,1
5,c,1
5,d,1
5,e,1
5,f,1
5,g,1
5,h,1
5,i,1
5,j,1
6,a,6
6,b,1
6,c,1
6,d,1
6,e,1
6,f,1
6,g,1
6,h,1
6,i,1
6,j,1
