0,1,2,3,4,5
ab
0
0,1,3,4,5
0,a,1
0,b,2
1,a,1
1,b,3
2,a,2
2,b,2
3,a,4
3,b,2
4,a,5
4,b,3
5,a,5
5,b,2
