0,1,2,3,4
ab
0
2
0,a,1
0,b,0
1,a,0
1,b,2
2,a,3
2,b,4
3,a,3
3,b,3
4,a,3
4,b,2
