0,1,2,3
abc
0
3
0,a,1
0,b,2
0,c,2
1,a,2
1,b,3
1,c,2
2,a,2
2,b,2
2,c,2
3,a,2
3,b,2
3,c,3
