0,1,2,3
ab
0
3
0,a,1
0,b,0
1,a,1
1,b,2
2,a,3
2,b,2
3,a,3
3,b,3
