0,1,2,3,4,5
ab
0
2,3
0,a,1
0,b,2
1,a,3
1,b,1
2,a,1
2,b,2
3,a,4
3,b,1
4,a,5
4,b,2
5,a,5
5,b,5
