0,1,2,3,4,5,6,7
ab
0
0,5,7
0,a,1
0,b,2
1,a,1
1,b,3
2,a,4
2,b,5
3,a,6
3,b,5
4,a,4
4,b,7
5,a,5
5,b,2
6,a,6
6,b,0
7,a,7
7,b,3
